## ComfyUI-Manager: installing dependencies done.
[2024-11-01 13:31:08.878] ** ComfyUI startup time: 2024-11-01 13:31:08.878924
[2024-11-01 13:31:08.879] ** Platform: Linux
[2024-11-01 13:31:08.879] ** Python version: 3.10.12 (main, Nov 20 2023, 15:14:05) [GCC 11.4.0]
[2024-11-01 13:31:08.879] ** Python executable: /usr/bin/python3
[2024-11-01 13:31:08.879] ** ComfyUI Path: /root/code/Romain-Ber/ComfyUI
[2024-11-01 13:31:08.879] ** Log path: /root/code/Romain-Ber/ComfyUI/comfyui.log
[2024-11-01 13:31:08.886] 
Prestartup times for custom nodes:
[2024-11-01 13:31:08.886]    0.0 seconds: /root/code/Romain-Ber/ComfyUI/custom_nodes/rgthree-comfy
[2024-11-01 13:31:08.886]    0.6 seconds: /root/code/Romain-Ber/ComfyUI/custom_nodes/ComfyUI-Manager
[2024-11-01 13:31:08.886] 
[2024-11-01 13:31:11.191] ### Loading: ComfyUI-Inspire-Pack (V1.6)
Traceback (most recent call last):
  File "/root/code/Romain-Ber/ComfyUI/nodes.py", line 1889, in load_custom_node
    module_spec.loader.exec_module(module)
  File "<frozen importlib._bootstrap_external>", line 883, in exec_module
  File "<frozen importlib._bootstrap>", line 241, in _call_with_frames_removed
  File "/root/code/Romain-Ber/ComfyUI/custom_nodes/ComfyUI-Inspire-Pack/__init__.py", line 34, in <module>
    imported_module = importlib.import_module(".inspire.{}".format(module_name), __name__)
  File "/usr/lib/python3.10/importlib/__init__.py", line 126, in import_module
    return _bootstrap._gcd_import(name[level:], package, level)
  File "<frozen importlib._bootstrap>", line 1050, in _gcd_import
  File "<frozen importlib._bootstrap>", line 1027, in _find_and_load
  File "<frozen importlib._bootstrap>", line 1006, in _find_and_load_unlocked
  File "<frozen importlib._bootstrap>", line 688, in _load_unlocked
  File "<frozen importlib._bootstrap_external>", line 883, in exec_module
  File "<frozen importlib._bootstrap>", line 241, in _call_with_frames_removed
  File "/root/code/Romain-Ber/ComfyUI/custom_nodes/ComfyUI-Inspire-Pack/inspire/sampler_nodes.py", line 6, in <module>
    from comfy.samplers import CFGGuider
ImportError: cannot import name 'CFGGuider' from 'comfy.samplers' (/root/code/Romain-Ber/ComfyUI/comfy/samplers.py)

[2024-11-01 13:31:11.271] Cannot import /root/code/Romain-Ber/ComfyUI/custom_nodes/ComfyUI-Inspire-Pack module for custom nodes: cannot import name 'CFGGuider' from 'comfy.samplers' (/root/code/Romain-Ber/ComfyUI/comfy/samplers.py)
[2024-11-01 13:31:11.279] /root/code/Romain-Ber/ComfyUI/custom_nodes/failfast-comfyui-extensions/extensions
[2024-11-01 13:31:11.279] /root/code/Romain-Ber/ComfyUI/web/extensions/failfast-comfyui-extensions
[2024-11-01 13:31:11.290] Traceback (most recent call last):
  File "/root/code/Romain-Ber/ComfyUI/nodes.py", line 1889, in load_custom_node
    module_spec.loader.exec_module(module)
  File "<frozen importlib._bootstrap_external>", line 883, in exec_module
  File "<frozen importlib._bootstrap>", line 241, in _call_with_frames_removed
  File "/root/code/Romain-Ber/ComfyUI/custom_nodes/ComfyUI-GGUF/__init__.py", line 7, in <module>
    from .nodes import NODE_CLASS_MAPPINGS
  File "/root/code/Romain-Ber/ComfyUI/custom_nodes/ComfyUI-GGUF/nodes.py", line 3, in <module>
    import gguf
  File "/usr/local/lib/python3.10/dist-packages/gguf/__init__.py", line 7, in <module>
    from .vocab import *
  File "/usr/local/lib/python3.10/dist-packages/gguf/vocab.py", line 10, in <module>
    from sentencepiece import SentencePieceProcessor
ModuleNotFoundError: No module named 'sentencepiece'

[2024-11-01 13:31:11.290] Cannot import /root/code/Romain-Ber/ComfyUI/custom_nodes/ComfyUI-GGUF module for custom nodes: No module named 'sentencepiece'
[2024-11-01 13:31:11.319] [Crystools [0;32mINFO[0m] Crystools version: 1.20.0
[2024-11-01 13:31:11.329] [Crystools [0;32mINFO[0m] CPU: Intel(R) Core(TM) i7-10750H CPU @ 2.60GHz - Arch: x86_64 - OS: Linux 5.15.153.1-microsoft-standard-WSL2
[2024-11-01 13:31:11.329] [Crystools [0;32mINFO[0m] Pynvml (Nvidia) initialized.
[2024-11-01 13:31:11.329] [Crystools [0;32mINFO[0m] GPU/s:
[2024-11-01 13:31:11.330] [Crystools [0;32mINFO[0m] 0) NVIDIA GeForce RTX 2060
[2024-11-01 13:31:11.334] [Crystools [0;32mINFO[0m] NVIDIA Driver: 546.33
[2024-11-01 13:31:11.713] ------------------------------------------
[2024-11-01 13:31:11.713] [34mComfyroll Studio v1.76 : [92m 175 Nodes Loaded[0m
[2024-11-01 13:31:11.713] ------------------------------------------
[2024-11-01 13:31:11.713] ** For changes, please see patch notes at https://github.com/Suzie1/ComfyUI_Comfyroll_CustomNodes/blob/main/Patch_Notes.md
[2024-11-01 13:31:11.713] ** For help, please see the wiki at https://github.com/Suzie1/ComfyUI_Comfyroll_CustomNodes/wiki
[2024-11-01 13:31:11.713] ------------------------------------------
[2024-11-01 13:31:11.726] ### Loading: ComfyUI-Manager (V2.51.9)
[2024-11-01 13:31:11.781] ### ComfyUI Revision: 2115 [4557dc8c] | Released on '2024-04-15'
[2024-11-01 13:31:11.819] Traceback (most recent call last):
  File "/root/code/Romain-Ber/ComfyUI/nodes.py", line 1889, in load_custom_node
    module_spec.loader.exec_module(module)
  File "<frozen importlib._bootstrap_external>", line 883, in exec_module
  File "<frozen importlib._bootstrap>", line 241, in _call_with_frames_removed
  File "/root/code/Romain-Ber/ComfyUI/custom_nodes/ComfyUI_tinyterraNodes/__init__.py", line 1, in <module>
    from .ttNpy.tinyterraNodes import TTN_VERSIONS
  File "/root/code/Romain-Ber/ComfyUI/custom_nodes/ComfyUI_tinyterraNodes/ttNpy/tinyterraNodes.py", line 48, in <module>
    from spandrel import ModelLoader, ImageModelDescriptor
ModuleNotFoundError: No module named 'spandrel'

[2024-11-01 13:31:11.820] Cannot import /root/code/Romain-Ber/ComfyUI/custom_nodes/ComfyUI_tinyterraNodes module for custom nodes: No module named 'spandrel'
[2024-11-01 13:31:11.824] 
[2024-11-01 13:31:11.824] [92m[rgthree-comfy] Loaded 42 epic nodes. 🎉[00m
[2024-11-01 13:31:11.824] 
[2024-11-01 13:31:11.987] [ComfyUI-Manager] default cache updated: https://raw.githubusercontent.com/ltdrdata/ComfyUI-Manager/main/alter-list.json
[2024-11-01 13:31:12.043] [ComfyUI-Manager] default cache updated: https://raw.githubusercontent.com/ltdrdata/ComfyUI-Manager/main/github-stats.json
[2024-11-01 13:31:12.050] [ComfyUI-Manager] default cache updated: https://raw.githubusercontent.com/ltdrdata/ComfyUI-Manager/main/model-list.json
[2024-11-01 13:31:12.161] [ComfyUI-Manager] default cache updated: https://raw.githubusercontent.com/ltdrdata/ComfyUI-Manager/main/extension-node-map.json
[2024-11-01 13:31:12.184] [ComfyUI-Manager] default cache updated: https://raw.githubusercontent.com/ltdrdata/ComfyUI-Manager/main/custom-node-list.json
[2024-11-01 13:31:12.331] [34mWAS Node Suite: [0mOpenCV Python FFMPEG support is enabled[0m
[2024-11-01 13:31:12.331] [34mWAS Node Suite [93mWarning: [0m`ffmpeg_bin_path` is not set in `/root/code/Romain-Ber/ComfyUI/custom_nodes/was-node-suite-comfyui/was_suite_config.json` config file. Will attempt to use system ffmpeg binaries if available.[0m
[2024-11-01 13:31:12.655] [34mWAS Node Suite: [0mFinished.[0m [32mLoaded[0m [0m218[0m [32mnodes successfully.[0m
[2024-11-01 13:31:12.655] 
	[3m[93m"Art is the only way to run away without leaving home."[0m[3m - Twyla Tharp[0m
[2024-11-01 13:31:12.655] 
[2024-11-01 13:31:12.656] ### Loading: ComfyUI-Impact-Pack (V4.87.1)
[2024-11-01 13:31:12.862] ### Loading: ComfyUI-Impact-Pack (Subpack: V0.4)
[2024-11-01 13:31:12.872] [Impact Pack] Wildcards loading done.
[2024-11-01 13:31:21.455] FETCH DATA from: /root/code/Romain-Ber/ComfyUI/custom_nodes/ComfyUI-Manager/extension-node-map.json [DONE]
[2024-11-01 13:31:36.467] FETCH DATA from: /root/code/Romain-Ber/ComfyUI/custom_nodes/ComfyUI-Manager/.cache/1742899825_extension-node-map.json [DONE]
[2024-11-01 13:31:36.591] FETCH DATA from: /root/code/Romain-Ber/ComfyUI/custom_nodes/ComfyUI-Manager/.cache/1514988643_custom-node-list.json [DONE]
[2024-11-01 13:31:36.594] FETCH DATA from: /root/code/Romain-Ber/ComfyUI/custom_nodes/ComfyUI-Manager/.cache/746607195_github-stats.json [DONE]
[2024-11-01 13:31:36.734] FETCH DATA from: /root/code/Romain-Ber/ComfyUI/custom_nodes/ComfyUI-Manager/.cache/1742899825_extension-node-map.json [DONE]
[2024-11-01 13:32:32.488] FETCH DATA from: /root/code/Romain-Ber/ComfyUI/custom_nodes/ComfyUI-Manager/.cache/4245046894_model-list.json [DONE]
[2024-11-01 13:44:23.697] FETCH DATA from: /root/code/Romain-Ber/ComfyUI/custom_nodes/ComfyUI-Manager/.cache/4245046894_model-list.json [DONE]
[2024-11-01 13:45:14.524] FETCH DATA from: /root/code/Romain-Ber/ComfyUI/custom_nodes/ComfyUI-Manager/.cache/4245046894_model-list.json [DONE]
[2024-11-01 13:45:14.525] Install model 'city96/flux1-dev-Q3_K_S.gguf' into '/root/code/Romain-Ber/ComfyUI/models/diffusion_models/FLUX1/flux1-dev-Q3_K_S.gguf'
[2024-11-01 13:45:16.380] Downloading https://cdn-lfs-us-1.hf.co/repos/3e/5c/3e5c1f82226fc1460150126b5513fa266f4b8aea7194d1a31c944ad9da31ae10/f65bb921fe637ba9588278f54981afc567be408e38ee038d2fe3acf3e11188bd?response-content-disposition=inline%3B+filename*%3DUTF-8%27%27flux1-dev-Q3_K_S.gguf%3B+filename%3D%22flux1-dev-Q3_K_S.gguf%22%3B&Expires=1730724315&Policy=eyJTdGF0ZW1lbnQiOlt7IkNvbmRpdGlvbiI6eyJEYXRlTGVzc1RoYW4iOnsiQVdTOkVwb2NoVGltZSI6MTczMDcyNDMxNX19LCJSZXNvdXJjZSI6Imh0dHBzOi8vY2RuLWxmcy11cy0xLmhmLmNvL3JlcG9zLzNlLzVjLzNlNWMxZjgyMjI2ZmMxNDYwMTUwMTI2YjU1MTNmYTI2NmY0YjhhZWE3MTk0ZDFhMzFjOTQ0YWQ5ZGEzMWFlMTAvZjY1YmI5MjFmZTYzN2JhOTU4ODI3OGY1NDk4MWFmYzU2N2JlNDA4ZTM4ZWUwMzhkMmZlM2FjZjNlMTExODhiZD9yZXNwb25zZS1jb250ZW50LWRpc3Bvc2l0aW9uPSoifV19&Signature=NwN4TBLyWR7oosNtYHXvOcpLEi41QL5Ni0lZU7REWJ0quZcLoNjInu0RcpktvrwHXfUmaehlBLPOuUjUUrDNof1BipfGg1EbUrMrBI7bPXdgiuj0O6EuQsctQ5A0xqqmdVtVgacwJDtIrTtZUBKYsUVyTweUQB9s3pIZi5kp7RpR6c0JIIP0ehZp%7EDnApYGP1hsFur-U0Xz8AphXC2XP1f8POKqp2CSJypurTqb5JnlRN-296D5nmjlpakdb5jFFnkKodyXf8g-yPpxNDduuXkPNgjDMXF5MBecpvXEMBmmkc5d-cAKSEV-IEcBDdpVGJB-Z1EcnSFMlSEnEdUaBCQ__&Key-Pair-Id=K24J24Z295AEI9 to /root/code/Romain-Ber/ComfyUI/models/diffusion_models/FLUX1/flux1-dev-Q3_K_S.gguf
