## ComfyUI-Manager: installing dependencies done.
[2024-11-01 15:56:04.658] ** ComfyUI startup time: 2024-11-01 15:56:04.658230
[2024-11-01 15:56:04.658] ** Platform: Linux
[2024-11-01 15:56:04.658] ** Python version: 3.10.12 (main, Nov 20 2023, 15:14:05) [GCC 11.4.0]
[2024-11-01 15:56:04.658] ** Python executable: /usr/bin/python3
[2024-11-01 15:56:04.659] ** ComfyUI Path: /root/code/Romain-Ber/ComfyUI
[2024-11-01 15:56:04.659] ** Log path: /root/code/Romain-Ber/ComfyUI/comfyui.log
[2024-11-01 15:56:04.665] 
Prestartup times for custom nodes:
[2024-11-01 15:56:04.665]    0.0 seconds: /root/code/Romain-Ber/ComfyUI/custom_nodes/rgthree-comfy
[2024-11-01 15:56:04.665]    0.6 seconds: /root/code/Romain-Ber/ComfyUI/custom_nodes/ComfyUI-Manager
[2024-11-01 15:56:04.665] 
[2024-11-01 15:56:08.284] ### Loading: ComfyUI-Inspire-Pack (V1.6)
Traceback (most recent call last):
  File "/root/code/Romain-Ber/ComfyUI/nodes.py", line 1889, in load_custom_node
    module_spec.loader.exec_module(module)
  File "<frozen importlib._bootstrap_external>", line 883, in exec_module
  File "<frozen importlib._bootstrap>", line 241, in _call_with_frames_removed
  File "/root/code/Romain-Ber/ComfyUI/custom_nodes/ComfyUI-Inspire-Pack/__init__.py", line 34, in <module>
    imported_module = importlib.import_module(".inspire.{}".format(module_name), __name__)
  File "/usr/lib/python3.10/importlib/__init__.py", line 126, in import_module
    return _bootstrap._gcd_import(name[level:], package, level)
  File "<frozen importlib._bootstrap>", line 1050, in _gcd_import
  File "<frozen importlib._bootstrap>", line 1027, in _find_and_load
  File "<frozen importlib._bootstrap>", line 1006, in _find_and_load_unlocked
  File "<frozen importlib._bootstrap>", line 688, in _load_unlocked
  File "<frozen importlib._bootstrap_external>", line 883, in exec_module
  File "<frozen importlib._bootstrap>", line 241, in _call_with_frames_removed
  File "/root/code/Romain-Ber/ComfyUI/custom_nodes/ComfyUI-Inspire-Pack/inspire/sampler_nodes.py", line 6, in <module>
    from comfy.samplers import CFGGuider
ImportError: cannot import name 'CFGGuider' from 'comfy.samplers' (/root/code/Romain-Ber/ComfyUI/comfy/samplers.py)

[2024-11-01 15:56:08.386] Cannot import /root/code/Romain-Ber/ComfyUI/custom_nodes/ComfyUI-Inspire-Pack module for custom nodes: cannot import name 'CFGGuider' from 'comfy.samplers' (/root/code/Romain-Ber/ComfyUI/comfy/samplers.py)
[2024-11-01 15:56:08.396] /root/code/Romain-Ber/ComfyUI/custom_nodes/failfast-comfyui-extensions/extensions
[2024-11-01 15:56:08.396] /root/code/Romain-Ber/ComfyUI/web/extensions/failfast-comfyui-extensions
[2024-11-01 15:56:08.411] Traceback (most recent call last):
  File "/root/code/Romain-Ber/ComfyUI/nodes.py", line 1889, in load_custom_node
    module_spec.loader.exec_module(module)
  File "<frozen importlib._bootstrap_external>", line 883, in exec_module
  File "<frozen importlib._bootstrap>", line 241, in _call_with_frames_removed
  File "/root/code/Romain-Ber/ComfyUI/custom_nodes/ComfyUI-GGUF/__init__.py", line 7, in <module>
    from .nodes import NODE_CLASS_MAPPINGS
  File "/root/code/Romain-Ber/ComfyUI/custom_nodes/ComfyUI-GGUF/nodes.py", line 3, in <module>
    import gguf
  File "/usr/local/lib/python3.10/dist-packages/gguf/__init__.py", line 7, in <module>
    from .vocab import *
  File "/usr/local/lib/python3.10/dist-packages/gguf/vocab.py", line 10, in <module>
    from sentencepiece import SentencePieceProcessor
ModuleNotFoundError: No module named 'sentencepiece'

[2024-11-01 15:56:08.411] Cannot import /root/code/Romain-Ber/ComfyUI/custom_nodes/ComfyUI-GGUF module for custom nodes: No module named 'sentencepiece'
[2024-11-01 15:56:08.453] [Crystools [0;32mINFO[0m] Crystools version: 1.20.0
[2024-11-01 15:56:08.473] [Crystools [0;32mINFO[0m] CPU: Intel(R) Core(TM) i7-10750H CPU @ 2.60GHz - Arch: x86_64 - OS: Linux 5.15.153.1-microsoft-standard-WSL2
[2024-11-01 15:56:08.473] [Crystools [0;32mINFO[0m] Pynvml (Nvidia) initialized.
[2024-11-01 15:56:08.474] [Crystools [0;32mINFO[0m] GPU/s:
[2024-11-01 15:56:08.474] [Crystools [0;32mINFO[0m] 0) NVIDIA GeForce RTX 2060
[2024-11-01 15:56:08.477] [Crystools [0;32mINFO[0m] NVIDIA Driver: 546.33
[2024-11-01 15:56:08.799] ------------------------------------------
[2024-11-01 15:56:08.799] [34mComfyroll Studio v1.76 : [92m 175 Nodes Loaded[0m
[2024-11-01 15:56:08.799] ------------------------------------------
[2024-11-01 15:56:08.799] ** For changes, please see patch notes at https://github.com/Suzie1/ComfyUI_Comfyroll_CustomNodes/blob/main/Patch_Notes.md
[2024-11-01 15:56:08.800] ** For help, please see the wiki at https://github.com/Suzie1/ComfyUI_Comfyroll_CustomNodes/wiki
[2024-11-01 15:56:08.800] ------------------------------------------
[2024-11-01 15:56:08.815] ### Loading: ComfyUI-Manager (V2.51.9)
[2024-11-01 15:56:08.872] ### ComfyUI Revision: 2115 [4557dc8c] | Released on '2024-04-15'
[2024-11-01 15:56:08.890] Traceback (most recent call last):
  File "/root/code/Romain-Ber/ComfyUI/nodes.py", line 1889, in load_custom_node
    module_spec.loader.exec_module(module)
  File "<frozen importlib._bootstrap_external>", line 883, in exec_module
  File "<frozen importlib._bootstrap>", line 241, in _call_with_frames_removed
  File "/root/code/Romain-Ber/ComfyUI/custom_nodes/ComfyUI_tinyterraNodes/__init__.py", line 1, in <module>
    from .ttNpy.tinyterraNodes import TTN_VERSIONS
  File "/root/code/Romain-Ber/ComfyUI/custom_nodes/ComfyUI_tinyterraNodes/ttNpy/tinyterraNodes.py", line 48, in <module>
    from spandrel import ModelLoader, ImageModelDescriptor
ModuleNotFoundError: No module named 'spandrel'

[2024-11-01 15:56:08.890] Cannot import /root/code/Romain-Ber/ComfyUI/custom_nodes/ComfyUI_tinyterraNodes module for custom nodes: No module named 'spandrel'
[2024-11-01 15:56:08.902] 
[2024-11-01 15:56:08.902] [92m[rgthree-comfy] Loaded 42 exciting nodes. 🎉[00m
[2024-11-01 15:56:08.903] 
[2024-11-01 15:56:09.122] [ComfyUI-Manager] default cache updated: https://raw.githubusercontent.com/ltdrdata/ComfyUI-Manager/main/alter-list.json
[2024-11-01 15:56:09.168] [ComfyUI-Manager] default cache updated: https://raw.githubusercontent.com/ltdrdata/ComfyUI-Manager/main/model-list.json
[2024-11-01 15:56:09.177] [ComfyUI-Manager] default cache updated: https://raw.githubusercontent.com/ltdrdata/ComfyUI-Manager/main/github-stats.json
[2024-11-01 15:56:09.371] [ComfyUI-Manager] default cache updated: https://raw.githubusercontent.com/ltdrdata/ComfyUI-Manager/main/extension-node-map.json
[2024-11-01 15:56:09.391] [ComfyUI-Manager] default cache updated: https://raw.githubusercontent.com/ltdrdata/ComfyUI-Manager/main/custom-node-list.json
[2024-11-01 15:56:09.432] [34mWAS Node Suite: [0mOpenCV Python FFMPEG support is enabled[0m
[2024-11-01 15:56:09.432] [34mWAS Node Suite [93mWarning: [0m`ffmpeg_bin_path` is not set in `/root/code/Romain-Ber/ComfyUI/custom_nodes/was-node-suite-comfyui/was_suite_config.json` config file. Will attempt to use system ffmpeg binaries if available.[0m
[2024-11-01 15:56:09.799] [34mWAS Node Suite: [0mFinished.[0m [32mLoaded[0m [0m218[0m [32mnodes successfully.[0m
[2024-11-01 15:56:09.799] 
	[3m[93m"The only way to do great work is to love what you do."[0m[3m - Steve Jobs[0m
[2024-11-01 15:56:09.799] 
[2024-11-01 15:56:09.805] ### Loading: ComfyUI-Impact-Pack (V4.87.1)
[2024-11-01 15:56:10.302] ### Loading: ComfyUI-Impact-Pack (Subpack: V0.4)
[2024-11-01 15:56:10.324] [Impact Pack] Wildcards loading done.
